%!Adobe-FontList 1.16
%Locale:0x416

%BeginFont
Handler:DirectoryHandler
FontType:CMap
CMapName:90ms-RKSJ-UCS2
Registry:Adobe
Ordering:90ms_RKSJ_UCS2
OutlineFileName:C:\PROGRA~1\Adobe\ADOBEI~1\SUPPOR~1\Required\PDFLRE~1\Resource\CMaps\90ms-RKSJ-UCS2
FileLength:113687
FileModTime:1432871336
%EndFont

%BeginFont
Handler:DirectoryHandler
FontType:CMap
CMapName:90pv-RKSJ-UCS2
Registry:Adobe
Ordering:90pv_RKSJ_UCS2
UseCMap:90pv-RKSJ-UCS2C
OutlineFileName:C:\PROGRA~1\Adobe\ADOBEI~1\SUPPOR~1\Required\PDFLRE~1\Resource\CMaps\90pv-RKSJ-UCS2
FileLength:3415
FileModTime:1432871336
%EndFont

%BeginFont
Handler:DirectoryHandler
FontType:CMap
CMapName:90pv-RKSJ-UCS2C
Registry:Adobe
Ordering:90pv_RKSJ_UCS2C
OutlineFileName:C:\PROGRA~1\Adobe\ADOBEI~1\SUPPOR~1\Required\PDFLRE~1\Resource\CMaps\90pv-RKSJ-UCS2C
FileLength:104152
FileModTime:1432871336
%EndFont

%BeginFont
Handler:DirectoryHandler
FontType:CMap
CMapName:Adobe-CNS1-B5pc
Registry:Adobe
Ordering:Adobe_CNS1_B5pc
OutlineFileName:C:\PROGRA~1\Adobe\ADOBEI~1\SUPPOR~1\Required\PDFLRE~1\Resource\CMaps\Adobe-CNS1-B5pc
FileLength:9516
FileModTime:1432871336
%EndFont

%BeginFont
Handler:DirectoryHandler
FontType:CMap
CMapName:Adobe-CNS1-ETenms-B5
Registry:Adobe
Ordering:Adobe_CNS1_ETenms_B5
OutlineFileName:C:\PROGRA~1\Adobe\ADOBEI~1\SUPPOR~1\Required\PDFLRE~1\Resource\CMaps\Adobe-CNS1-ETen-B5
FileLength:9936
FileModTime:1432871336
%EndFont

%BeginFont
Handler:DirectoryHandler
FontType:CMap
CMapName:Adobe-CNS1-H-CID
Registry:Adobe
Ordering:Adobe_CNS1_H_CID
OutlineFileName:C:\PROGRA~1\Adobe\ADOBEI~1\SUPPOR~1\Required\PDFLRE~1\Resource\CMaps\Adobe-CNS1-H-CID
FileLength:3534
FileModTime:1432871336
%EndFont

%BeginFont
Handler:DirectoryHandler
FontType:CMap
CMapName:Adobe-CNS1-H-Host
Registry:Adobe
Ordering:Adobe_CNS1_H_Host
OutlineFileName:C:\PROGRA~1\Adobe\ADOBEI~1\SUPPOR~1\Required\PDFLRE~1\Resource\CMaps\Adobe-CNS1-H-Host
FileLength:10051
FileModTime:1432871336
%EndFont

%BeginFont
Handler:DirectoryHandler
FontType:CMap
CMapName:Adobe-CNS1-H-Mac
Registry:Adobe
Ordering:Adobe_CNS1_H_Mac
OutlineFileName:C:\PROGRA~1\Adobe\ADOBEI~1\SUPPOR~1\Required\PDFLRE~1\Resource\CMaps\Adobe-CNS1-H-Mac
FileLength:9583
FileModTime:1432871336
%EndFont

%BeginFont
Handler:DirectoryHandler
FontType:CMap
CMapName:Adobe-CNS1-UCS2
Registry:Adobe
Ordering:Adobe_CNS1_UCS2
OutlineFileName:C:\PROGRA~1\Adobe\ADOBEI~1\SUPPOR~1\Required\PDFLRE~1\Resource\CMaps\Adobe-CNS1-UCS2
FileLength:283355
FileModTime:1432871336
%EndFont

%BeginFont
Handler:DirectoryHandler
FontType:CMap
CMapName:Adobe-GB1-GBK-EUC
Registry:Adobe
Ordering:Adobe_GB1_GBK_EUC
OutlineFileName:C:\PROGRA~1\Adobe\ADOBEI~1\SUPPOR~1\Required\PDFLRE~1\Resource\CMaps\Adobe-GB1-GBK-EUC
FileLength:95391
FileModTime:1432871336
%EndFont

%BeginFont
Handler:DirectoryHandler
FontType:CMap
CMapName:Adobe-GB1-GBpc-EUC
Registry:Adobe
Ordering:Adobe_GB1_GBpc_EUC
OutlineFileName:C:\PROGRA~1\Adobe\ADOBEI~1\SUPPOR~1\Required\PDFLRE~1\Resource\CMaps\Adobe-GB1-GBpc-EUC
FileLength:5787
FileModTime:1432871336
%EndFont

%BeginFont
Handler:DirectoryHandler
FontType:CMap
CMapName:Adobe-GB1-H-CID
Registry:Adobe
Ordering:Adobe_GB1_H_CID
OutlineFileName:C:\PROGRA~1\Adobe\ADOBEI~1\SUPPOR~1\Required\PDFLRE~1\Resource\CMaps\Adobe-GB1-H-CID
FileLength:3653
FileModTime:1432871336
%EndFont

%BeginFont
Handler:DirectoryHandler
FontType:CMap
CMapName:Adobe-GB1-H-Host
Registry:Adobe
Ordering:Adobe_GB1_H_Host
OutlineFileName:C:\PROGRA~1\Adobe\ADOBEI~1\SUPPOR~1\Required\PDFLRE~1\Resource\CMaps\Adobe-GB1-H-Host
FileLength:95997
FileModTime:1432871336
%EndFont

%BeginFont
Handler:DirectoryHandler
FontType:CMap
CMapName:Adobe-GB1-H-Mac
Registry:Adobe
Ordering:Adobe_GB1_H_Mac
OutlineFileName:C:\PROGRA~1\Adobe\ADOBEI~1\SUPPOR~1\Required\PDFLRE~1\Resource\CMaps\Adobe-GB1-H-Mac
FileLength:5768
FileModTime:1432871336
%EndFont

%BeginFont
Handler:DirectoryHandler
FontType:CMap
CMapName:Adobe-GB1-UCS2
Registry:Adobe
Ordering:Adobe_GB1_UCS2
OutlineFileName:C:\PROGRA~1\Adobe\ADOBEI~1\SUPPOR~1\Required\PDFLRE~1\Resource\CMaps\Adobe-GB1-UCS2
FileLength:246180
FileModTime:1432871336
%EndFont

%BeginFont
Handler:DirectoryHandler
FontType:CMap
CMapName:Adobe-Japan1-90ms-RKSJ
Registry:Adobe
Ordering:Adobe_Japan1_90ms_RKSJ
OutlineFileName:C:\PROGRA~1\Adobe\ADOBEI~1\SUPPOR~1\Required\PDFLRE~1\Resource\CMaps\Adobe-Japan1-90ms-RKSJ
FileLength:7914
FileModTime:1432871336
%EndFont

%BeginFont
Handler:DirectoryHandler
FontType:CMap
CMapName:Adobe-Japan1-90pv-RKSJ
Registry:Adobe
Ordering:Adobe_Japan1_90pv_RKSJ
OutlineFileName:C:\PROGRA~1\Adobe\ADOBEI~1\SUPPOR~1\Required\PDFLRE~1\Resource\CMaps\Adobe-Japan1-90pv-RKSJ
FileLength:10003
FileModTime:1432871336
%EndFont

%BeginFont
Handler:DirectoryHandler
FontType:CMap
CMapName:Adobe-Japan1-H-CID
Registry:Adobe
Ordering:Adobe_Japan1_H_CID
OutlineFileName:C:\PROGRA~1\Adobe\ADOBEI~1\SUPPOR~1\Required\PDFLRE~1\Resource\CMaps\Adobe-Japan1-H-CID
FileLength:3852
FileModTime:1432871336
%EndFont

%BeginFont
Handler:DirectoryHandler
FontType:CMap
CMapName:Adobe-Japan1-H-Host
Registry:Adobe
Ordering:Adobe_Japan1_H_Host
OutlineFileName:C:\PROGRA~1\Adobe\ADOBEI~1\SUPPOR~1\Required\PDFLRE~1\Resource\CMaps\Adobe-Japan1-H-Host
FileLength:8184
FileModTime:1432871336
%EndFont

%BeginFont
Handler:DirectoryHandler
FontType:CMap
CMapName:Adobe-Japan1-H-Mac
Registry:Adobe
Ordering:Adobe_Japan1_H_Mac
OutlineFileName:C:\PROGRA~1\Adobe\ADOBEI~1\SUPPOR~1\Required\PDFLRE~1\Resource\CMaps\Adobe-Japan1-H-Mac
FileLength:7053
FileModTime:1432871336
%EndFont

%BeginFont
Handler:DirectoryHandler
FontType:CMap
CMapName:Adobe-Japan1-PS-H
Registry:Adobe
Ordering:Adobe_Japan1_PS_H
OutlineFileName:C:\PROGRA~1\Adobe\ADOBEI~1\SUPPOR~1\Required\PDFLRE~1\Resource\CMaps\Adobe-Japan1-PS-H
FileLength:24584
FileModTime:1432871336
%EndFont

%BeginFont
Handler:DirectoryHandler
FontType:CMap
CMapName:Adobe-Japan1-PS-V
Registry:Adobe
Ordering:Adobe_Japan1_PS_V
OutlineFileName:C:\PROGRA~1\Adobe\ADOBEI~1\SUPPOR~1\Required\PDFLRE~1\Resource\CMaps\Adobe-Japan1-PS-V
FileLength:14907
FileModTime:1432871336
%EndFont

%BeginFont
Handler:DirectoryHandler
FontType:CMap
CMapName:Adobe-Japan1-UCS2
Registry:Adobe
Ordering:Adobe_Japan1_UCS2
OutlineFileName:C:\PROGRA~1\Adobe\ADOBEI~1\SUPPOR~1\Required\PDFLRE~1\Resource\CMaps\Adobe-Japan1-UCS2
FileLength:303283
FileModTime:1432871336
%EndFont

%BeginFont
Handler:DirectoryHandler
FontType:CMap
CMapName:Adobe-Korea1-H-CID
Registry:Adobe
Ordering:Adobe_Korea1_H_CID
OutlineFileName:C:\PROGRA~1\Adobe\ADOBEI~1\SUPPOR~1\Required\PDFLRE~1\Resource\CMaps\Adobe-Korea1-H-CID
FileLength:3203
FileModTime:1432871336
%EndFont

%BeginFont
Handler:DirectoryHandler
FontType:CMap
CMapName:Adobe-Korea1-H-Host
Registry:Adobe
Ordering:Adobe_Korea1_H_Host
OutlineFileName:C:\PROGRA~1\Adobe\ADOBEI~1\SUPPOR~1\Required\PDFLRE~1\Resource\CMaps\Adobe-Korea1-H-Host
FileLength:17625
FileModTime:1432871336
%EndFont

%BeginFont
Handler:DirectoryHandler
FontType:CMap
CMapName:Adobe-Korea1-H-Mac
Registry:Adobe
Ordering:Adobe_Korea1_H_Mac
OutlineFileName:C:\PROGRA~1\Adobe\ADOBEI~1\SUPPOR~1\Required\PDFLRE~1\Resource\CMaps\Adobe-Korea1-H-Mac
FileLength:12988
FileModTime:1432871336
%EndFont

%BeginFont
Handler:DirectoryHandler
FontType:CMap
CMapName:Adobe-Korea1-KSCms-UHC
Registry:Adobe
Ordering:Adobe_Korea1_KSCms_UHC
OutlineFileName:C:\PROGRA~1\Adobe\ADOBEI~1\SUPPOR~1\Required\PDFLRE~1\Resource\CMaps\Adobe-Korea1-KSCms-UHC
FileLength:17419
FileModTime:1432871336
%EndFont

%BeginFont
Handler:DirectoryHandler
FontType:CMap
CMapName:Adobe-Korea1-KSCpc-EUC
Registry:Adobe
Ordering:Adobe_Korea1_KSCpc_EUC
OutlineFileName:C:\PROGRA~1\Adobe\ADOBEI~1\SUPPOR~1\Required\PDFLRE~1\Resource\CMaps\Adobe-Korea1-KSCpc-EUC
FileLength:13068
FileModTime:1432871336
%EndFont

%BeginFont
Handler:DirectoryHandler
FontType:CMap
CMapName:Adobe-Korea1-UCS2
Registry:Adobe
Ordering:Adobe_Korea1_UCS2
OutlineFileName:C:\PROGRA~1\Adobe\ADOBEI~1\SUPPOR~1\Required\PDFLRE~1\Resource\CMaps\Adobe-Korea1-UCS2
FileLength:156147
FileModTime:1432871336
%EndFont

%BeginFont
Handler:DirectoryHandler
FontType:CMap
CMapName:B5pc-UCS2
Registry:Adobe
Ordering:B5pc_UCS2
UseCMap:B5pc-UCS2C
OutlineFileName:C:\PROGRA~1\Adobe\ADOBEI~1\SUPPOR~1\Required\PDFLRE~1\Resource\CMaps\B5pc-UCS2
FileLength:2786
FileModTime:1432871336
%EndFont

%BeginFont
Handler:DirectoryHandler
FontType:CMap
CMapName:B5pc-UCS2C
Registry:Adobe
Ordering:B5pc_UCS2C
OutlineFileName:C:\PROGRA~1\Adobe\ADOBEI~1\SUPPOR~1\Required\PDFLRE~1\Resource\CMaps\B5pc-UCS2C
FileLength:286167
FileModTime:1432871336
%EndFont

%BeginFont
Handler:DirectoryHandler
FontType:CMap
CMapName:ETen-B5-UCS2
Registry:Adobe
Ordering:ETen_B5_UCS2
OutlineFileName:C:\PROGRA~1\Adobe\ADOBEI~1\SUPPOR~1\Required\PDFLRE~1\Resource\CMaps\ETen-B5-UCS2
FileLength:290024
FileModTime:1432871336
%EndFont

%BeginFont
Handler:DirectoryHandler
FontType:CMap
CMapName:GBK-EUC-UCS2
Registry:Adobe
Ordering:GBK_EUC_UCS2
OutlineFileName:C:\PROGRA~1\Adobe\ADOBEI~1\SUPPOR~1\Required\PDFLRE~1\Resource\CMaps\GBK-EUC-UCS2
FileLength:235113
FileModTime:1432871336
%EndFont

%BeginFont
Handler:DirectoryHandler
FontType:CMap
CMapName:GBpc-EUC-UCS2
Registry:Adobe
Ordering:GBpc_EUC_UCS2
UseCMap:GBpc-EUC-UCS2C
OutlineFileName:C:\PROGRA~1\Adobe\ADOBEI~1\SUPPOR~1\Required\PDFLRE~1\Resource\CMaps\GBpc-EUC-UCS2
FileLength:2873
FileModTime:1432871336
%EndFont

%BeginFont
Handler:DirectoryHandler
FontType:CMap
CMapName:GBpc-EUC-UCS2C
Registry:Adobe
Ordering:GBpc_EUC_UCS2C
OutlineFileName:C:\PROGRA~1\Adobe\ADOBEI~1\SUPPOR~1\Required\PDFLRE~1\Resource\CMaps\GBpc-EUC-UCS2C
FileLength:149679
FileModTime:1432871336
%EndFont

%BeginFont
Handler:DirectoryHandler
FontType:CMap
CMapName:KSCms-UHC-UCS2
Registry:Adobe
Ordering:KSCms_UHC_UCS2
OutlineFileName:C:\PROGRA~1\Adobe\ADOBEI~1\SUPPOR~1\Required\PDFLRE~1\Resource\CMaps\KSCms-UHC-UCS2
FileLength:191408
FileModTime:1432871336
%EndFont

%BeginFont
Handler:DirectoryHandler
FontType:CMap
CMapName:KSCpc-EUC-UCS2
Registry:Adobe
Ordering:KSCpc_EUC_UCS2
UseCMap:KSCpc-EUC-UCS2C
OutlineFileName:C:\PROGRA~1\Adobe\ADOBEI~1\SUPPOR~1\Required\PDFLRE~1\Resource\CMaps\KSCpc-EUC-UCS2
FileLength:17889
FileModTime:1432871336
%EndFont

%BeginFont
Handler:DirectoryHandler
FontType:CMap
CMapName:KSCpc-EUC-UCS2C
Registry:Adobe
Ordering:KSCpc_EUC_UCS2C
OutlineFileName:C:\PROGRA~1\Adobe\ADOBEI~1\SUPPOR~1\Required\PDFLRE~1\Resource\CMaps\KSCpc-EUC-UCS2C
FileLength:158386
FileModTime:1432871336
%EndFont

%BeginFont
Handler:DirectoryHandler
FontType:CMap
CMapName:UCS2-90ms-RKSJ
Registry:Adobe
Ordering:UCS2_90ms_RKSJ
OutlineFileName:C:\PROGRA~1\Adobe\ADOBEI~1\SUPPOR~1\Required\PDFLRE~1\Resource\CMaps\UCS2-90ms-RKSJ
FileLength:156960
FileModTime:1432871336
%EndFont

%BeginFont
Handler:DirectoryHandler
FontType:CMap
CMapName:UCS2-90pv-RKSJ
Registry:Adobe
Ordering:UCS2_90pv_RKSJ
OutlineFileName:C:\PROGRA~1\Adobe\ADOBEI~1\SUPPOR~1\Required\PDFLRE~1\Resource\CMaps\UCS2-90pv-RKSJ
FileLength:149900
FileModTime:1432871336
%EndFont

%BeginFont
Handler:DirectoryHandler
FontType:CMap
CMapName:UCS2-B5pc
Registry:Adobe
Ordering:UCS2_B5pc
OutlineFileName:C:\PROGRA~1\Adobe\ADOBEI~1\SUPPOR~1\Required\PDFLRE~1\Resource\CMaps\UCS2-B5pc
FileLength:286492
FileModTime:1432871336
%EndFont

%BeginFont
Handler:DirectoryHandler
FontType:CMap
CMapName:UCS2-ETen-B5
Registry:Adobe
Ordering:UCS2_ETen_B5
OutlineFileName:C:\PROGRA~1\Adobe\ADOBEI~1\SUPPOR~1\Required\PDFLRE~1\Resource\CMaps\UCS2-ETen-B5
FileLength:300844
FileModTime:1432871336
%EndFont

%BeginFont
Handler:DirectoryHandler
FontType:CMap
CMapName:UCS2-GBK-EUC
Registry:Adobe
Ordering:UCS2_GBK_EUC
OutlineFileName:C:\PROGRA~1\Adobe\ADOBEI~1\SUPPOR~1\Required\PDFLRE~1\Resource\CMaps\UCS2-GBK-EUC
FileLength:245396
FileModTime:1432871336
%EndFont

%BeginFont
Handler:DirectoryHandler
FontType:CMap
CMapName:UCS2-GBpc-EUC
Registry:Adobe
Ordering:UCS2_GBpc_EUC
OutlineFileName:C:\PROGRA~1\Adobe\ADOBEI~1\SUPPOR~1\Required\PDFLRE~1\Resource\CMaps\UCS2-GBpc-EUC
FileLength:198724
FileModTime:1432871336
%EndFont

%BeginFont
Handler:DirectoryHandler
FontType:CMap
CMapName:UCS2-KSCms-UHC
Registry:Adobe
Ordering:UCS2_KCSms_UHC
OutlineFileName:C:\PROGRA~1\Adobe\ADOBEI~1\SUPPOR~1\Required\PDFLRE~1\Resource\CMaps\UCS2-KSCms-UHC
FileLength:198010
FileModTime:1432871336
%EndFont

%BeginFont
Handler:DirectoryHandler
FontType:CMap
CMapName:UCS2-KSCpc-EUC
Registry:Adobe
Ordering:UCS2_KSCpc_EUC
OutlineFileName:C:\PROGRA~1\Adobe\ADOBEI~1\SUPPOR~1\Required\PDFLRE~1\Resource\CMaps\UCS2-KSCpc-EUC
FileLength:154886
FileModTime:1432871336
%EndFont

